
> fusion-widget-manager@0.4.0 test:unit
> node --no-warnings --experimental-strip-types --loader ./test/node-ts-loader.mjs --test src/lib/**/*.test.ts test/**/*.test.ts src/lib/aiometadata-export.test.ts

✔ collectAiometadataExportInventory groups exportable trakt and mdblist catalogs by widget and item (2.206416ms)
✔ collectAiometadataExportInventory includes streaming catalogs (1.156792ms)
✔ collectAiometadataExportInventory includes letterboxd catalogs and keeps them movie-only (0.307667ms)
✔ collectAiometadataExportInventory includes AIOMetadata trakt catalogs without treating them as native bridge sources (0.341625ms)
✔ collectAiometadataExportInventory re-adds movie labels for synced trakt catalogs when manifest names imply them (0.193625ms)
✔ collectAiometadataExportInventory re-adds show labels for synced letterboxd catalogs when manifest names imply them (0.26125ms)
✔ collectAiometadataExportInventory can filter to catalogs missing from the manifest (0.198125ms)
✔ buildAiometadataCatalogExport emits only the selected deduplicated catalogs (1.842667ms)
✔ collectAiometadataExportInventory uses stable item fallback labels and derived catalog names (13.504917ms)
✔ collectAiometadataExportInventory reads collection item titles from exported fusion payloads (0.456625ms)
✔ collectAiometadataExportInventory sorts catalogs by widget order and alphabetically within each widget (0.627833ms)
✔ buildAiometadataCatalogExport numbers duplicate final names using omni whitespace semantics (0.322375ms)
✔ getDefaultAiometadataExportOverrides applies UME rules to supported sources and ignores simkl (1.0925ms)
✔ getDefaultAiometadataExportOverrides ignores letterboxd catalogs (0.180625ms)
file:///Users/marvin/.gemini/antigravity/scratch/fusion-widget-manager/src/lib/aiometadata-export.test.ts:11
  AIOMetadataExportOverrideState,
  ^^^^^^^^^^^^^^^^^^^^^^^^^^^^^^
SyntaxError: The requested module './aiometadata-export-settings' does not provide an export named 'AIOMetadataExportOverrideState'
    at #_instantiate (node:internal/modules/esm/module_job:254:21)
    at async ModuleJob.run (node:internal/modules/esm/module_job:369:5)
    at async onImport.tracePromise.__proto__ (node:internal/modules/esm/loader:671:26)
    at async asyncRunEntryPointWithESMLoader (node:internal/modules/run_main:101:5)

Node.js v24.11.1
✖ src/lib/aiometadata-export.test.ts (309.429792ms)
✔ convertAiometadataImportToFusion detects AIOMetadata widget payloads (4.013416ms)
✔ isAiometadataImportPayload ignores normal fusion exports (0.078292ms)
✔ isAiometadataImportPayload ignores unrelated widget arrays without letterboxd source (0.059042ms)
✔ convertAiometadataImportToFusion prefers metadata.identifier and skips hidden entries (0.093ms)
✔ convertAiometadataImportToFusion supports catalog-only payloads and id fallback (0.078584ms)
✔ parseFusionConfig normalizes imported letterboxd addon catalogs (0.574083ms)
✔ isInvalidCatalogDataSource flags empty catalog ids (1.948125ms)
✔ isInvalidCatalogDataSource flags catalog ids missing from manifest (0.446875ms)
✔ invalid catalog counts propagate from item to widget (2.364292ms)
✔ native trakt sources do not count as invalid AIOMetadata catalogs (0.096209ms)
✔ items without any catalogs count as a catalog issue (0.071041ms)
✔ getTraktValidationIssues reports incomplete native trakt payloads (0.074667ms)
✔ trakt warning counts stay separate from AIOMetadata mismatch counts (15.94125ms)
✔ buildImportReviewState matches renamed classic rows by id before title (4.814458ms)
✔ buildImportReviewState starts with no widgets or items selected (1.743542ms)
✔ applyImportReview moves an item into another existing widget without duplicating it (6.452708ms)
✔ applyImportReview can move an item into a new widget and preserve only selected items (0.304042ms)
✔ buildImportReviewState marks ambiguous matches without auto-moving them (0.115125ms)
✔ applyImportReview reconcile removes missing local items only from matched widgets (0.168583ms)
✔ applyImportReview merge keeps missing local items in matched widgets (0.138083ms)
✔ buildAiometadataLetterboxdCatalogsOnlyExport emits used letterboxd catalogs (6.613083ms)
✔ buildAiometadataLetterboxdCatalogsOnlyExport exports collection item references (3.784416ms)
✔ buildAiometadataLetterboxdCatalogsOnlyExport prefers manifest names (0.15075ms)
✔ buildAiometadataLetterboxdCatalogsOnlyExport deduplicates and filters against manifest (0.216625ms)
✔ collectUsedLetterboxdCatalogs forces movie type even for series-prefixed IDs (0.08075ms)
✔ collectUsedLetterboxdCatalogs ignores non-letterboxd sources (0.092792ms)
✔ buildAiometadataMdblistCatalogsOnlyExport emits used mdblist catalogs (1.101791ms)
✔ buildAiometadataMdblistCatalogsOnlyExport prefers manifest catalog names and deduplicates (0.22775ms)
✔ buildAiometadataMdblistCatalogsOnlyExport can export only catalogs missing from the manifest (0.204916ms)
✔ collectUsedMdblistCatalogs ignores non-mdblist aiometadata sources (0.090666ms)
✔ collectUsedMdblistCatalogs keeps movie and series types from widget data (0.17ms)
✔ collectUsedMdblistCatalogs uses item-based fallback names with type suffixes and numbering (0.132792ms)
✔ buildAiometadataCatalogsOnlyExport emits trakt catalogs for rows and collection items (1.407459ms)
✔ buildAiometadataCatalogsOnlyExport deduplicates by traktId and keeps the first name (0.126541ms)
✔ buildAiometadataCatalogsOnlyExport can export only trakt catalogs missing from the manifest (0.130833ms)
✔ buildAiometadataCatalogsOnlyExport uses slug and widget or item names as fallbacks (1.041375ms)
✔ buildAiometadataCatalogsOnlyExport numbers repeated item-based trakt fallback names (16.557542ms)
✔ bridge export fails with a precise error when traktId is missing (1.244459ms)
✔ hasNativeTraktSources and fingerprint reflect tracked native catalogs only (0.235417ms)
✔ bridgeNativeTraktSourcesForOmni converts native trakt sources only in the copied export payload (0.188208ms)
✔ convertFusionToOmni rejects native trakt by default and bridges them when requested (8.733791ms)
✔ convertFusionToOmni bridges native trakt collection items alongside existing AIOMetadata catalogs (4.593666ms)
✔ buildAiometadataSimklCatalogsOnlyExport emits used simkl catalogs (3.792291ms)
✔ buildAiometadataSimklCatalogsOnlyExport handles series type simkl catalog (0.182917ms)
✔ buildAiometadataSimklCatalogsOnlyExport prefers manifest catalog names (0.100875ms)
✔ buildAiometadataSimklCatalogsOnlyExport deduplicates across widgets (0.132833ms)
✔ buildAiometadataSimklCatalogsOnlyExport filters catalogs already in manifest (0.193875ms)
✔ collectUsedSimklCatalogs ignores non-simkl aiometadata sources (0.382125ms)
✔ collectUsedSimklCatalogs collects from collection.row items (0.877125ms)
✔ collectUsedSimklCatalogs collects simkl.watchlist catalog (0.106542ms)
✔ buildAiometadataStreamingCatalogsOnlyExport emits used streaming catalogs (1.310916ms)
✔ collectUsedStreamingCatalogs keeps movie and series types separate (0.43325ms)
✔ collectUsedStreamingCatalogs ignores non-streaming aiometadata sources (0.114292ms)
✔ fetchTemplateRepository uses the manifest as the primary source when it is valid (3.638625ms)
✔ fetchTemplateRepository supplements missing manifest kinds from the repository scan before fixed fallbacks (0.460333ms)
✔ fetchTemplateRepository falls back to the repository scan when the manifest is invalid (0.567333ms)
✔ fetchTemplateRepository falls back to fixed URLs when manifest and repository scan both fail (0.155583ms)
✔ requiresDownloadActionPrompt only prompts for AIOStreams templates (0.061417ms)
✔ AIOStreams falls back to raw JSON when the repository scan content API version lookup fails (0.169625ms)
✔ buildAiometadataTraktCatalogsOnlyExport emits used AIOMetadata trakt catalogs (50.496916ms)
✔ collectUsedAiometadataTraktCatalogs keeps different trakt types separate (0.406792ms)
✔ collectUsedAiometadataTraktCatalogs ignores native trakt and non-trakt aiometadata sources (0.11875ms)
✔ parseFusionConfig rejects malformed payloads (0.835125ms)
✔ resolveFusionCatalogType keeps all-prefixed catalogs as all (0.099166ms)
✔ legacy collection item dataSource normalizes into dataSources (0.485ms)
✔ normalizeFusionConfigDetailed repairs duplicate widget and item IDs (1.295541ms)
✔ mergeWidgetLists skips duplicates already present and inside the same payload (0.344167ms)
✔ normalizeLoadedState preserves trash entries (0.2055ms)
✔ normalizeLoadedState preserves collection item trash entries (0.125708ms)
✔ extractImportedManifestState reads explicit manifest metadata from imported configs (0.130875ms)
✔ extractImportedManifestState falls back to manifest content when catalogs are not stored separately (0.1035ms)
✔ Fusion export derives requiredAddons from collection item dataSources (0.827875ms)
✔ collectUsedAiometadataCatalogKeys deduplicates AIOMetadata catalogs and ignores native trakt (0.184916ms)
✔ ambiguous manifest suffix matches are rejected (0.12825ms)
✔ parseFusionConfig imports native trakt row widgets (0.084625ms)
✔ parseFusionConfig imports collection items with native trakt data sources (0.084ms)
✔ mixed imports keep AIOMetadata catalogs and native trakt distinct (0.120709ms)
✔ native trakt rows round-trip through Fusion export without catalog prefixing (0.07775ms)
✔ native trakt collection items round-trip through Fusion export (0.064375ms)
✔ processWidgetWithManifest leaves native trakt sources untouched (0.079042ms)
✔ processConfigWithManifest leaves native trakt collection item sources untouched (0.25475ms)
✔ sanitizeFusionConfigForExport removes invalid AIOMetadata collection catalogs and empty items (0.269792ms)
✔ sanitizeFusionConfigForExport can keep invalid collection items as empty items (0.071625ms)
✔ sanitizeFusionConfigForExport can keep collection items without catalogs as empty items (0.057042ms)
✔ sanitizeFusionConfigForExport removes invalid classic rows entirely (0.0545ms)
✔ exportConfigToFusion can skip invalid AIOMetadata catalogs when requested (0.075042ms)
✔ exportConfigToFusion can keep invalid collection items as empty items when requested (0.056667ms)
✔ exportConfigToFusion can keep collection items without catalogs as empty items when requested (0.051666ms)
✔ partial import skips unsupported item sources instead of rejecting the full file (0.32025ms)
✔ export preserves reorder and delete outcomes for native trakt entries (0.17675ms)
✔ validateOmniExport makes duplicate subgroup names unique (15.830583ms)
✔ convertFusionToOmni allows the same row catalog in multiple collections (0.756292ms)
✔ validateOmniExport rejects native trakt sources (0.095208ms)
✔ standalone rows are representable in Omni export (0.307209ms)
✔ convertOmniToFusion keeps valid standalone rows (0.122375ms)
✔ convertOmniToFusion excludes internal omni helper catalogs from standalone rows (0.154083ms)
✔ convertOmniToFusion keeps all subgroupNames when subgroup_order is partial (0.166333ms)
✔ convertOmniToFusion appends main catalog groups missing from main_group_order (0.1585ms)
✔ audit fixture sizes scale up from small to stress (0.42725ms)
✔ stored app state mirrors the local storage keys expected by the app (0.144167ms)
✔ merge import fixture contains one duplicate and one new widget (0.091583ms)
✔ malformed fixtures cover invalid JSON and structural errors (0.105625ms)
ℹ tests 117
ℹ suites 0
ℹ pass 116
ℹ fail 1
ℹ cancelled 0
ℹ skipped 0
ℹ todo 0
ℹ duration_ms 743.399875

✖ failing tests:

test at src/lib/aiometadata-export.test.ts:1:1
✖ src/lib/aiometadata-export.test.ts (309.429792ms)
  'test failed'
